// Jest Snapshot v1, https://jestjs.io/docs/snapshot-testing

exports[`ULThemeFloatingLabelField Component matches snapshot with email identifier 1`] = `
<form>
  <div
    class="grid"
    data-slot="form-item"
  >
    <div
      class="w-full"
    >
      <div>
        <div
          class="bg-input aria-invalid:ring-destructive/20 dark:aria-invalid:ring-destructive/40 aria-invalid:border-destructive theme-default:active:scale-[0.99] box-border inline-flex w-full shrink-0 cursor-text justify-center text-sm transition-[color,box-shadow] duration-150 ease-in-out outline-none disabled:pointer-events-none disabled:opacity-50 [&_svg]:pointer-events-none [&_svg]:shrink-0 [&_svg:not([class*='size-'])]:size-4 text-input-foreground shadow-input-resting hover:shadow-input-hover focus-within:ring-ring focus-within:ring-4 h-14 rounded-2xl group relative items-end gap-0.5 mb-2 theme-universal:bg-input-bg theme-universal:text-input-text theme-universal:border-(length:--ul-theme-border-input-border-weight) theme-universal:border-input-border theme-universal:rounded-input theme-universal:text-(length:--ul-theme-font-body-text-size) theme-universal:font-body-text theme-universal:placeholder:text-input-labels theme-universal:[&_input]:placeholder:text-input-labels theme-universal:placeholder:text-(length:--ul-theme-font-input-labels-size) theme-universal:[&_input]:placeholder:text-(length:--ul-theme-font-input-labels-size) theme-universal:placeholder:font-input-label theme-universal:[&_input]:placeholder:font-input-label theme-universal:[&_label]:bg-input-bg theme-universal:[&_label]:text-input-labels theme-universal:[&_label]:text-(length:--ul-theme-font-input-labels-size) theme-universal:[&_label]:font-input-label theme-universal:focus-within:border-base-focus theme-universal:focus-within:ring-0 theme-universal:focus-within:[&_label]:text-base-focus"
          data-focused=""
        >
          <label
            class="pointer-events-none absolute left-4 text-sm transition-all duration-150 ease-in-out origin-left scale-80 -translate-y-[1.18rem] top-2 z-10 bg-input px-1 text-primary"
            data-focused=""
            for="«r0»-form-item"
            id="base-ui-«r1»"
          >
            Email
          </label>
          <div
            class="relative flex-1"
          >
            <input
              aria-labelledby="base-ui-«r1»"
              autocomplete="email"
              class="h-14 w-full flex-1 rounded-2xl bg-transparent px-3 py-4 outline-none file:border-0 file:bg-transparent file:text-sm file:font-medium autofill:bg-transparent autofill:[-webkit-text-fill-color:inherit] autofill:[transition:background-color_9999s_ease-in-out_0s] pl-3 pr-3"
              data-focused=""
              id="«r0»-form-item"
              name="identifier"
              type="email"
              value=""
            />
          </div>
        </div>
      </div>
    </div>
  </div>
</form>
`;

exports[`ULThemeFloatingLabelField Component matches snapshot with error state 1`] = `
<form>
  <div
    class="grid"
    data-slot="form-item"
  >
    <div
      class="w-full"
    >
      <div>
        <div
          class="bg-input aria-invalid:ring-destructive/20 dark:aria-invalid:ring-destructive/40 aria-invalid:border-destructive theme-default:active:scale-[0.99] box-border inline-flex w-full shrink-0 cursor-text justify-center text-sm transition-[color,box-shadow] duration-150 ease-in-out outline-none disabled:pointer-events-none disabled:opacity-50 [&_svg]:pointer-events-none [&_svg]:shrink-0 [&_svg:not([class*='size-'])]:size-4 text-destructive-foreground shadow-input-destructive-resting hover:shadow-input-destructive-hover focus-within:ring-destructive-border/15 focus-within:ring-4 h-14 rounded-2xl group relative items-end gap-0.5 mb-2 theme-universal:bg-input-bg theme-universal:border-(length:--ul-theme-border-input-border-weight) theme-universal:rounded-input theme-universal:text-(length:--ul-theme-font-body-text-size) theme-universal:font-body-text theme-universal:placeholder:text-input-labels theme-universal:[&_input]:placeholder:text-input-labels theme-universal:placeholder:text-(length:--ul-theme-font-input-labels-size) theme-universal:[&_input]:placeholder:text-(length:--ul-theme-font-input-labels-size) theme-universal:placeholder:font-input-label theme-universal:[&_input]:placeholder:font-input-label theme-universal:[&_label]:bg-input-bg theme-universal:[&_label]:text-(length:--ul-theme-font-input-labels-size) theme-universal:[&_label]:font-input-label theme-universal:text-error theme-universal:border-error theme-universal:focus-within:border-error theme-universal:focus-within:ring-0 theme-universal:[&_label]:text-error"
        >
          <label
            class="pointer-events-none absolute top-1/2 left-4 z-[10] -translate-y-1/2 text-sm transition-all duration-150 ease-in-out origin-left text-destructive-foreground"
            for="«r3»-form-item"
            id="base-ui-«r4»"
          >
            Email
          </label>
          <div
            class="relative flex-1"
          >
            <input
              aria-labelledby="base-ui-«r4»"
              class="h-14 w-full flex-1 rounded-2xl bg-transparent px-3 py-4 outline-none file:border-0 file:bg-transparent file:text-sm file:font-medium autofill:bg-transparent autofill:[-webkit-text-fill-color:inherit] autofill:[transition:background-color_9999s_ease-in-out_0s] pl-3 pr-3"
              id="«r3»-form-item"
              name="identifier"
              type="email"
              value=""
            />
          </div>
        </div>
      </div>
    </div>
  </div>
</form>
`;

exports[`ULThemeFloatingLabelField Component matches snapshot with phone number type 1`] = `
<form>
  <div
    class="grid"
    data-slot="form-item"
  >
    <div
      class="w-full"
    >
      <div>
        <div
          class="bg-input aria-invalid:ring-destructive/20 dark:aria-invalid:ring-destructive/40 aria-invalid:border-destructive theme-default:active:scale-[0.99] box-border inline-flex w-full shrink-0 cursor-text justify-center text-sm transition-[color,box-shadow] duration-150 ease-in-out outline-none disabled:pointer-events-none disabled:opacity-50 [&_svg]:pointer-events-none [&_svg]:shrink-0 [&_svg:not([class*='size-'])]:size-4 text-input-foreground shadow-input-resting hover:shadow-input-hover focus-within:ring-ring focus-within:ring-4 h-14 rounded-2xl group relative items-end gap-0.5 mb-2 theme-universal:bg-input-bg theme-universal:text-input-text theme-universal:border-(length:--ul-theme-border-input-border-weight) theme-universal:border-input-border theme-universal:rounded-input theme-universal:text-(length:--ul-theme-font-body-text-size) theme-universal:font-body-text theme-universal:placeholder:text-input-labels theme-universal:[&_input]:placeholder:text-input-labels theme-universal:placeholder:text-(length:--ul-theme-font-input-labels-size) theme-universal:[&_input]:placeholder:text-(length:--ul-theme-font-input-labels-size) theme-universal:placeholder:font-input-label theme-universal:[&_input]:placeholder:font-input-label theme-universal:[&_label]:bg-input-bg theme-universal:[&_label]:text-input-labels theme-universal:[&_label]:text-(length:--ul-theme-font-input-labels-size) theme-universal:[&_label]:font-input-label theme-universal:focus-within:border-base-focus theme-universal:focus-within:ring-0 theme-universal:focus-within:[&_label]:text-base-focus"
        >
          <label
            class="pointer-events-none absolute top-1/2 left-4 z-[10] -translate-y-1/2 text-sm transition-all duration-150 ease-in-out origin-left text-muted-foreground"
            for="«r6»-form-item"
            id="base-ui-«r7»"
          >
            Phone Number
          </label>
          <div
            class="relative flex-1"
          >
            <input
              aria-labelledby="base-ui-«r7»"
              autocomplete="tel"
              class="h-14 w-full flex-1 rounded-2xl bg-transparent px-3 py-4 outline-none file:border-0 file:bg-transparent file:text-sm file:font-medium autofill:bg-transparent autofill:[-webkit-text-fill-color:inherit] autofill:[transition:background-color_9999s_ease-in-out_0s] pl-3 pr-3"
              id="«r6»-form-item"
              name="identifier"
              type="tel"
              value=""
            />
          </div>
        </div>
      </div>
    </div>
  </div>
</form>
`;
