// Jest Snapshot v1, https://jestjs.io/docs/snapshot-testing

exports[`ULThemeCountryCodePicker Component matches snapshot in loading state 1`] = `
<button
  class="inline-flex items-center justify-between px-4 py-4 text-left font-medium transition-colors duration-150 ease-in-out theme-universal:bg-input-bg theme-universal:text-input-text theme-universal:border theme-universal:border-input-border theme-universal:text-(length:--ul-theme-font-body-text-size) theme-universal:font-body theme-universal:rounded-input theme-universal:hover:border-base-focus theme-universal:focus:outline-none theme-universal:focus:ring-2 theme-universal:focus:ring-base-focus/20 disabled:opacity-70 cursor-not-allowed"
  disabled=""
  type="button"
>
  <div
    class="flex items-center space-x-3 flex-1 min-w-0"
  >
    <div
      class="flex-shrink-0 w-6 h-4 flex items-center justify-center"
    >
      <span
        class="text-lg"
      >
        ðŸ‡©ðŸ‡¿
      </span>
    </div>
    <div
      class="flex-1 min-w-0"
    >
      <span
        class="theme-universal:text-input-text theme-universal:font-body truncate"
      >
        Algeria
        , 
        DZ
        ,
         
        213
      </span>
    </div>
  </div>
  <div
    class="flex-shrink-0 ml-2"
  >
    <svg
      aria-hidden="true"
      class="lucide lucide-chevron-right w-4 h-4 theme-universal:text-input-labels transition-transform duration-200 animate-pulse"
      fill="none"
      height="24"
      stroke="currentColor"
      stroke-linecap="round"
      stroke-linejoin="round"
      stroke-width="2"
      viewBox="0 0 24 24"
      width="24"
      xmlns="http://www.w3.org/2000/svg"
    >
      <path
        d="m9 18 6-6-6-6"
      />
    </svg>
  </div>
</button>
`;

exports[`ULThemeCountryCodePicker Component matches snapshot with fullWidth prop 1`] = `
<button
  class="inline-flex items-center justify-between px-4 py-4 text-left font-medium transition-colors duration-150 ease-in-out theme-universal:bg-input-bg theme-universal:text-input-text theme-universal:border theme-universal:border-input-border theme-universal:text-(length:--ul-theme-font-body-text-size) theme-universal:font-body theme-universal:rounded-input theme-universal:hover:border-base-focus theme-universal:focus:outline-none theme-universal:focus:ring-2 theme-universal:focus:ring-base-focus/20 w-full cursor-pointer"
  type="button"
>
  <div
    class="flex items-center space-x-3 flex-1 min-w-0"
  >
    <div
      class="flex-shrink-0 w-6 h-4 flex items-center justify-center"
    >
      <span
        class="text-lg"
      >
        ðŸ‡©ðŸ‡¿
      </span>
    </div>
    <div
      class="flex-1 min-w-0"
    >
      <span
        class="theme-universal:text-input-text theme-universal:font-body truncate"
      >
        Algeria
        , 
        DZ
        ,
         
        213
      </span>
    </div>
  </div>
  <div
    class="flex-shrink-0 ml-2"
  >
    <svg
      aria-hidden="true"
      class="lucide lucide-chevron-right w-4 h-4 theme-universal:text-input-labels transition-transform duration-200"
      fill="none"
      height="24"
      stroke="currentColor"
      stroke-linecap="round"
      stroke-linejoin="round"
      stroke-width="2"
      viewBox="0 0 24 24"
      width="24"
      xmlns="http://www.w3.org/2000/svg"
    >
      <path
        d="m9 18 6-6-6-6"
      />
    </svg>
  </div>
</button>
`;

exports[`ULThemeCountryCodePicker Component matches snapshot with placeholder (no country selected) 1`] = `
<button
  class="inline-flex items-center justify-between px-4 py-4 text-left font-medium transition-colors duration-150 ease-in-out theme-universal:bg-input-bg theme-universal:text-input-text theme-universal:border theme-universal:border-input-border theme-universal:text-(length:--ul-theme-font-body-text-size) theme-universal:font-body theme-universal:rounded-input theme-universal:hover:border-base-focus theme-universal:focus:outline-none theme-universal:focus:ring-2 theme-universal:focus:ring-base-focus/20 cursor-pointer"
  type="button"
>
  <div
    class="flex items-center space-x-3 flex-1 min-w-0"
  >
    <div
      class="flex-shrink-0 w-6 h-4 theme-universal:bg-input-border rounded-sm"
    />
    <span
      class="theme-universal:text-input-labels flex-1 truncate"
    >
      Select Country
    </span>
  </div>
  <div
    class="flex-shrink-0 ml-2"
  >
    <svg
      aria-hidden="true"
      class="lucide lucide-chevron-right w-4 h-4 theme-universal:text-input-labels transition-transform duration-200"
      fill="none"
      height="24"
      stroke="currentColor"
      stroke-linecap="round"
      stroke-linejoin="round"
      stroke-width="2"
      viewBox="0 0 24 24"
      width="24"
      xmlns="http://www.w3.org/2000/svg"
    >
      <path
        d="m9 18 6-6-6-6"
      />
    </svg>
  </div>
</button>
`;

exports[`ULThemeCountryCodePicker Component matches snapshot with selected country 1`] = `
<button
  class="inline-flex items-center justify-between px-4 py-4 text-left font-medium transition-colors duration-150 ease-in-out theme-universal:bg-input-bg theme-universal:text-input-text theme-universal:border theme-universal:border-input-border theme-universal:text-(length:--ul-theme-font-body-text-size) theme-universal:font-body theme-universal:rounded-input theme-universal:hover:border-base-focus theme-universal:focus:outline-none theme-universal:focus:ring-2 theme-universal:focus:ring-base-focus/20 cursor-pointer"
  type="button"
>
  <div
    class="flex items-center space-x-3 flex-1 min-w-0"
  >
    <div
      class="flex-shrink-0 w-6 h-4 flex items-center justify-center"
    >
      <span
        class="text-lg"
      >
        ðŸ‡©ðŸ‡¿
      </span>
    </div>
    <div
      class="flex-1 min-w-0"
    >
      <span
        class="theme-universal:text-input-text theme-universal:font-body truncate"
      >
        Algeria
        , 
        DZ
        ,
         
        213
      </span>
    </div>
  </div>
  <div
    class="flex-shrink-0 ml-2"
  >
    <svg
      aria-hidden="true"
      class="lucide lucide-chevron-right w-4 h-4 theme-universal:text-input-labels transition-transform duration-200"
      fill="none"
      height="24"
      stroke="currentColor"
      stroke-linecap="round"
      stroke-linejoin="round"
      stroke-width="2"
      viewBox="0 0 24 24"
      width="24"
      xmlns="http://www.w3.org/2000/svg"
    >
      <path
        d="m9 18 6-6-6-6"
      />
    </svg>
  </div>
</button>
`;
