// Jest Snapshot v1, https://jestjs.io/docs/snapshot-testing

exports[`ULThemeSocialProviderButton Component renders correctly and matches snapshot 1`] = `
<div>
  <button
    class="focus-visible:ring-ring aria-invalid:ring-destructive/20 dark:aria-invalid:ring-destructive/40 aria-invalid:border-destructive theme-default:active:scale-[0.99] relative box-border shrink-0 gap-2 overflow-hidden text-sm font-medium whitespace-nowrap transition-all duration-150 ease-in-out outline-none focus-visible:ring-4 disabled:pointer-events-none disabled:opacity-50 [&_svg]:pointer-events-none [&_svg]:shrink-0 [&_svg:not([class*='size-'])]:size-4 dark:bg-muted/50 hover:text-accent-foreground shadow-button-outlined-resting hover:shadow-button-outlined-hover hover:border-accent hover:bg-muted theme-default:before:from-primary/5 theme-default:before:to-primary/0 theme-default:before:absolute theme-default:before:top-0 theme-default:before:left-0 theme-default:before:block theme-default:before:h-full theme-default:before:w-full theme-default:before:bg-gradient-to-t theme-default:before:content-[''] border rounded-2xl has-[>svg]:px-3 flex items-center justify-start w-full max-w-[320px] h-[52px] py-[14px] px-[16px] gap-x-4 bg-white border-gray-mid text-text-default cursor-pointer theme-universal:font-button theme-universal:rounded-button theme-universal:border-(length:--ul-theme-border-button-border-weight) theme-universal:border-(--color-secondary-button-border) theme-universal:text-(--color-secondary-button-label) theme-universal:hover:shadow-[var(--button-hover-shadow)] theme-universal:focus:outline-none theme-universal:focus:ring-4 theme-universal:focus:ring-base-focus/15 theme-universal:focus:bg-base-focus/15 custom-class"
    data-testid="social-provider-button-google"
  >
    <span
      class="w-5 h-5 flex items-center justify-center"
    >
      <span
        data-testid="icon"
      >
        Icon
      </span>
    </span>
    <span
      class="overflow-hidden whitespace-nowrap text-ellipsis text-base"
    >
      Sign in with Google
    </span>
  </button>
</div>
`;
